 num     #instances         #bytes  class name (module)
-------------------------------------------------------
   1:       3081774      351788720  [B (java.base@17.0.7)
   2:        436783      121862328  [I (java.base@17.0.7)
   3:       3040246       72965904  java.lang.String (java.base@17.0.7)
   4:       1774934       56797888  java.util.HashMap$Node (java.base@17.0.7)
   5:       1358955       32614920  com.intellij.openapi.vcs.LocalFilePath
   6:        258777       29087304  [Ljava.lang.Object; (java.base@17.0.7)
   7:         59609       15205520  [Ljava.util.HashMap$Node; (java.base@17.0.7)
   8:        111772       14646728  java.lang.Class (java.base@17.0.7)
   9:         22766       14030320  [J (java.base@17.0.7)
  10:        320337       12813480  com.intellij.util.lang.ImmutableZipEntry
  11:        146271        5850840  java.util.LinkedHashMap$Entry (java.base@17.0.7)
  12:        170643        5460576  com.intellij.openapi.vfs.newvfs.impl.VfsData$DirectoryData
  13:        159507        5104224  java.util.concurrent.ConcurrentHashMap$Node (java.base@17.0.7)
  14:           448        3851672  [Lcom.intellij.util.lang.ImmutableZipEntry;
  15:        123834        2972016  com.google.common.collect.ImmutableMapEntry
  16:         91007        2912224  com.android.resources.base.BasicValueResourceItem
  17:        118868        2852832  java.util.ArrayList (java.base@17.0.7)
  18:          2139        2804392  [C (java.base@17.0.7)
  19:         58981        2359240  com.android.ide.common.rendering.api.StyleItemResourceValueImpl
  20:         40964        1966272  java.util.HashMap (java.base@17.0.7)
  21:          3286        1937800  [Ljava.util.concurrent.ConcurrentHashMap$Node; (java.base@17.0.7)
  22:         60043        1921376  com.intellij.util.containers.IntObjectLRUMap$MapEntry
  23:         52424        1677568  java.util.Hashtable$Entry (java.base@17.0.7)
  24:         66837        1604088  com.android.ide.common.rendering.api.ResourceReference
  25:         37252        1490080  java.util.TreeMap$Entry (java.base@17.0.7)
  26:         25943        1452808  java.util.LinkedHashMap (java.base@17.0.7)
  27:         58563        1405512  com.google.common.collect.ImmutableMapEntry$NonTerminalImmutableMapEntry
  28:         28572        1371456  java.lang.invoke.MemberName (java.base@17.0.7)
  29:          3646        1318688  [D (java.base@17.0.7)
  30:         32728        1286592  [Ljava.lang.String; (java.base@17.0.7)
  31:           142        1278304  [Lcom.intellij.concurrency.ConcurrentIntObjectHashMap$Node;
  32:         78189        1251024  com.google.common.collect.SingletonImmutableList
  33:         49778        1194672  kotlin.Pair
  34:         12536        1103168  java.lang.reflect.Method (java.base@17.0.7)
  35:         65014        1040224  java.lang.Object (java.base@17.0.7)
  36:         31939        1022048  com.android.resources.base.BasicDensityBasedFileResourceItem
  37:          9295        1020080  [Lcom.google.common.collect.ImmutableMapEntry;
  38:         20956        1005888  com.android.tools.deployer.ZipUtils$ZipEntry
  39:         40210         965040  com.intellij.util.SmartList
  40:         23472         938880  java.lang.ref.SoftReference (java.base@17.0.7)
  41:         22622         904880  com.intellij.openapi.vfs.newvfs.impl.VirtualDirectoryImpl
  42:          9219         883504  [Ljava.util.Map$Entry; (java.base@17.0.7)
  43:         20928         837120  java.lang.invoke.MethodType (java.base@17.0.7)
  44:         16801         806448  com.android.resources.base.BasicAttrResourceItem
  45:         19613         784520  org.jdom.ContentList
  46:           165         770384  [[Lcom.intellij.util.lang.Loader;
  47:         15926         764448  com.google.common.collect.SingletonImmutableBiMap
  48:         15850         760800  org.jdom.ImmutableElement
  49:         22274         712768  com.android.tools.idea.imports.MavenClassRegistryBase$LibraryImportData
  50:         17623         704920  com.intellij.workspaceModel.storage.impl.url.VirtualFileUrlManagerImpl$FilePathNode
  51:         26211         701248  [Ljava.lang.Class; (java.base@17.0.7)
  52:         10863         695232  java.util.concurrent.ConcurrentHashMap (java.base@17.0.7)
  53:          9616         692352  java.lang.reflect.Field (java.base@17.0.7)
  54:         20958         670656  java.lang.invoke.MethodType$ConcurrentWeakInternSet$WeakEntry (java.base@17.0.7)
  55:         20956         670592  com.android.tools.deployer.model.ApkEntry
  56:         20912         669184  com.android.zipflinger.Location
  57:         15648         625920  com.intellij.util.containers.ConcurrentWeakKeySoftValueHashMap$WeakKey
  58:         19104         611328  java.lang.ref.WeakReference (java.base@17.0.7)
  59:         10454         585424  com.android.zipflinger.Entry
  60:         12106         581088  com.intellij.openapi.vcs.changes.Change
  61:         24008         576192  java.util.Collections$UnmodifiableRandomAccessList (java.base@17.0.7)
  62:         14036         561440  com.android.resources.base.BasicStyleResourceItem
  63:          2943         492840  [Ljava.util.Hashtable$Entry; (java.base@17.0.7)
  64:         30315         485040  java.lang.Integer (java.base@17.0.7)
  65:         10104         484992  it.unimi.dsi.fastutil.objects.ObjectOpenCustomHashSet
  66:           720         483840  com.android.tools.idea.io.netty.util.internal.shaded.org.jctools.queues.MpscArrayQueue
  67:         19907         477768  java.lang.invoke.ResolvedMethodName (java.base@17.0.7)
  68:          9677         464496  java.util.TreeMap (java.base@17.0.7)
  69:          8158         456848  java.util.HashMap$TreeNode (java.base@17.0.7)
  70:          7028         449792  it.unimi.dsi.fastutil.ints.Int2ObjectOpenHashMap
  71:          7822         438032  com.intellij.openapi.actionSystem.Presentation
  72:         17831         427944  com.intellij.util.text.ImmutableText$CompositeNode
  73:         13312         425984  com.intellij.util.containers.ConcurrentWeakKeyWeakValueHashMap$WeakValue
  74:         10648         425920  com.intellij.codeInspection.ex.ScopeToolState
  75:         13158         421056  com.intellij.util.xml.dom.XmlElement
  76:         10487         419480  java.util.EnumMap (java.base@17.0.7)
  77:         10308         412320  com.intellij.workspaceModel.ide.impl.VirtualFileUrlBridge
  78:          4482         394416  com.intellij.openapi.editor.impl.RangeHighlighterImpl
  79:          9833         393320  org.jetbrains.plugins.textmate.language.syntax.SyntaxNodeDescriptorImpl
  80:          9761         390440  com.intellij.reference.SoftReference
  81:            34         390280  [Lcom.intellij.util.containers.IntObjectLRUMap$MapEntry;
  82:          2660         382920  [Ljava.lang.ClassValue$Entry; (java.base@17.0.7)
  83:          9494         379760  com.intellij.openapi.extensions.ExtensionDescriptor
  84:         11791         377312  com.intellij.concurrency.ConcurrentHashMap$Node
  85:          6355         371096  [S (java.base@17.0.7)
  86:          9274         370960  kotlin.reflect.jvm.internal.impl.protobuf.SmallSortedMap$1
  87:          9160         366400  com.google.common.collect.RegularImmutableMap
  88:         11365         363680  java.lang.invoke.DirectMethodHandle (java.base@17.0.7)
  89:          7502         360096  com.intellij.ui.JBColor
  90:         14918         358032  org.jdom.ImmutableSameTypeAttributeList
  91:          7341         352368  com.intellij.openapi.extensions.impl.XmlExtensionAdapter$SimpleConstructorInjectionAdapter
  92:         10648         340736  com.intellij.codeInspection.ex.ToolsImpl
  93:          3954         340008  [Ljava.util.WeakHashMap$Entry; (java.base@17.0.7)
  94:         10567         338144  com.android.resources.base.BasicFileResourceItem
  95:          4565         328680  java.lang.reflect.Constructor (java.base@17.0.7)
  96:          6743         323664  com.android.tools.dom.attrs.AttributeDefinition
  97:          4918         314752  java.nio.DirectByteBuffer (java.base@17.0.7)
  98:          9706         310592  java.lang.invoke.LambdaForm$Name (java.base@17.0.7)
  99:          6455         309840  com.android.tools.lint.checks.LibraryVersionLabels
 100:          7591         303640  java.util.WeakHashMap$Entry (java.base@17.0.7)
 101:          3334         293392  kotlin.reflect.jvm.internal.impl.metadata.ProtoBuf$Type
[...]
Total      14541629      874318264
